  Main.cpp
C:\Users\Leona\Documents\Programacion\C++\CoralineSurvivors\Colisiones.h(7,19): warning C4267: 'inicializando': conversión de 'size_t' a 'int'; posible pérdida de datos
  (compilando archivo de origen "Main.cpp")
  
C:\Users\Leona\Documents\Programacion\C++\CoralineSurvivors\Gato.h(81,22): warning C4267: 'inicializando': conversión de 'size_t' a 'int'; posible pérdida de datos
  (compilando archivo de origen "Main.cpp")
  
C:\Users\Leona\Documents\Programacion\C++\CoralineSurvivors\Gato.h(109,22): warning C4267: 'inicializando': conversión de 'size_t' a 'int'; posible pérdida de datos
  (compilando archivo de origen "Main.cpp")
  
C:\Users\Leona\Documents\Programacion\C++\CoralineSurvivors\misfunciones.h(68,26): warning C4267: 'inicializando': conversión de 'size_t' a 'int'; posible pérdida de datos
  (compilando archivo de origen "Main.cpp")
  
C:\Users\Leona\Documents\Programacion\C++\CoralineSurvivors\misfunciones.h(98,9): warning C4996: '_sleep': This function or variable has been superceded by newer library or operating system functionality. Consider using Sleep instead. See online help for details.
  (compilando archivo de origen "Main.cpp")
  
C:\Users\Leona\Documents\Programacion\C++\CoralineSurvivors\lore.h(157,13): warning C4996: '_sleep': This function or variable has been superceded by newer library or operating system functionality. Consider using Sleep instead. See online help for details.
  (compilando archivo de origen "Main.cpp")
  
C:\Users\Leona\Documents\Programacion\C++\CoralineSurvivors\lore.h(169,13): warning C4996: '_sleep': This function or variable has been superceded by newer library or operating system functionality. Consider using Sleep instead. See online help for details.
  (compilando archivo de origen "Main.cpp")
  
C:\Users\Leona\Documents\Programacion\C++\CoralineSurvivors\loreMayumi.h(79,3): warning C4996: '_sleep': This function or variable has been superceded by newer library or operating system functionality. Consider using Sleep instead. See online help for details.
  (compilando archivo de origen "Main.cpp")
  
C:\Users\Leona\Documents\Programacion\C++\CoralineSurvivors\loreMayumi.h(115,3): warning C4996: '_sleep': This function or variable has been superceded by newer library or operating system functionality. Consider using Sleep instead. See online help for details.
  (compilando archivo de origen "Main.cpp")
  
C:\Users\Leona\Documents\Programacion\C++\CoralineSurvivors\loreMayumi.h(130,2): warning C4996: '_sleep': This function or variable has been superceded by newer library or operating system functionality. Consider using Sleep instead. See online help for details.
  (compilando archivo de origen "Main.cpp")
  
C:\Users\Leona\Documents\Programacion\C++\CoralineSurvivors\loreMayumi.h(214,3): warning C4996: '_sleep': This function or variable has been superceded by newer library or operating system functionality. Consider using Sleep instead. See online help for details.
  (compilando archivo de origen "Main.cpp")
  
C:\Users\Leona\Documents\Programacion\C++\CoralineSurvivors\loreMayumi.h(230,2): warning C4996: '_sleep': This function or variable has been superceded by newer library or operating system functionality. Consider using Sleep instead. See online help for details.
  (compilando archivo de origen "Main.cpp")
  
C:\Users\Leona\Documents\Programacion\C++\CoralineSurvivors\loreMayumi.h(265,2): warning C4996: '_sleep': This function or variable has been superceded by newer library or operating system functionality. Consider using Sleep instead. See online help for details.
  (compilando archivo de origen "Main.cpp")
  
C:\Users\Leona\Documents\Programacion\C++\CoralineSurvivors\Main.cpp(122,5): warning C4996: '_sleep': This function or variable has been superceded by newer library or operating system functionality. Consider using Sleep instead. See online help for details.
C:\Users\Leona\Documents\Programacion\C++\CoralineSurvivors\Main.cpp(278,15): warning C4244: 'argumento': conversión de 'time_t' a 'unsigned int'; posible pérdida de datos
C:\Users\Leona\Documents\Programacion\C++\CoralineSurvivors\Main.cpp(314,9): warning C4996: '_sleep': This function or variable has been superceded by newer library or operating system functionality. Consider using Sleep instead. See online help for details.
  Main.obj : se encontró un módulo MSIL; vinculación incremental deshabilitada para MSIL; ejecutando vínculo completo
  CoralineSurvivors.vcxproj -> C:\Users\Leona\Documents\Programacion\C++\CoralineSurvivors\x64\Debug\CoralineSurvivors.exe
